// Jest Snapshot v1, https://goo.gl/fbAQLP

exports[`Integrations tests Match Snapshot 1`] = `
<header>
  <div
    class="hamburgerIcon"
  >
    <button
      id="menuLink"
      type="button"
    >
      <svg
        class="activeIcon"
        fill="currentColor"
        height="1em"
        stroke="currentColor"
        stroke-width="0"
        viewBox="0 0 512 512"
        width="1em"
        xmlns="http://www.w3.org/2000/svg"
      >
        <path
          d="M32 96v64h448V96H32zm0 128v64h448v-64H32zm0 128v64h448v-64H32z"
        />
      </svg>
      <svg
        fill="currentColor"
        height="1em"
        stroke="currentColor"
        stroke-width="0"
        viewBox="0 0 24 24"
        width="1em"
        xmlns="http://www.w3.org/2000/svg"
      >
        <path
          d="M0 0h24v24H0z"
          fill="none"
        />
        <path
          d="M19 6.41L17.59 5 12 10.59 6.41 5 5 6.41 10.59 12 5 17.59 6.41 19 12 13.41 17.59 19 19 17.59 13.41 12z"
        />
      </svg>
    </button>
  </div>
  <div
    class="navTitle"
  >
    ðŸŒŽ World Bank GDP data
  </div>
  <div
    class="searchBar"
  />
</header>
`;
